// Jest Snapshot v1, https://goo.gl/fbAQLP

exports[`components/paymentmodule/EditSetUpFsp/EditSetUpFspHeader should render 1`] = `
<div>
  <div
    class="sc-eDLKkx lfCuNM"
    data-cy="page-header-container"
  >
    <div
      class="sc-jTQCzO WuAEu"
    >
      <div
        class="sc-gLLuof djFRuj"
      >
        <div>
          <div
            class="MuiBox-root css-70qvj9"
          >
            <div
              class="sc-kFCroH fxDWDh"
            >
              <h5
                class="MuiTypography-root MuiTypography-h5 css-ag7rrr-MuiTypography-root"
                data-cy="page-header-title"
              >
                Edit Set up FSP
              </h5>
            </div>
            <div
              class="MuiBox-root css-15aqakd"
            />
          </div>
        </div>
        <div
          class="sc-iBdnpw bvluil"
        />
      </div>
    </div>
    <div
      class="sc-qZrbh hQWlbe"
    />
  </div>
</div>
`;
