// Jest Snapshot v1, https://goo.gl/fbAQLP

exports[`containers/tables/population/PeopleListTable should render loading 1`] = `<div />`;

exports[`containers/tables/population/PeopleListTable should render with data 1`] = `
<div>
  <div
    class="sc-beySPh jDojEa"
  >
    <div>
      Unexpected error
    </div>
  </div>
</div>
`;
