// Jest Snapshot v1, https://goo.gl/fbAQLP

exports[`components/ProgramDetails should render 1`] = `
<div>
  <div
    class="MuiPaper-root sc-bdVaJa fUBeDk MuiPaper-elevation1 MuiPaper-rounded"
  >
    <div
      class="sc-bZQynM ghLfwz"
    >
      <h6
        class="MuiTypography-root MuiTypography-h6"
      >
        Programme Details
      </h6>
    </div>
    <div
      class="sc-bxivhb ehCvPb"
    >
      <div
        class="MuiGrid-root MuiGrid-container MuiGrid-spacing-xs-6"
      >
        <div
          class="MuiGrid-root MuiGrid-item MuiGrid-grid-xs-4"
        >
          <div>
            <span
              class="sc-bwzfXH eoWrid"
              color="textSecondary"
            >
              status
            </span>
            <div
              data-cy="label-status"
            >
              <div
                class="sc-ifAKCX iPKgts"
              >
                <div
                  class="sc-EHOje eEdtvm"
                  data-cy="status-container"
                >
                  FINISHED
                </div>
              </div>
            </div>
          </div>
        </div>
        <div
          class="MuiGrid-root MuiGrid-item MuiGrid-grid-xs-4"
        >
          <div>
            <span
              class="sc-bwzfXH eoWrid"
              color="textSecondary"
            >
              START DATE
            </span>
            <div
              data-cy="label-START DATE"
            >
              <span
                class="sc-htpNat gXZdAP"
                color="textSecondary"
              >
                <time
                  datetime="1582588800000"
                >
                  25 Feb 2020
                </time>
              </span>
            </div>
          </div>
        </div>
        <div
          class="MuiGrid-root MuiGrid-item MuiGrid-grid-xs-4"
        >
          <div>
            <span
              class="sc-bwzfXH eoWrid"
              color="textSecondary"
            >
              END DATE
            </span>
            <div
              data-cy="label-END DATE"
            >
              <span
                class="sc-htpNat gXZdAP"
                color="textSecondary"
              >
                <time
                  datetime="1602979200000"
                >
                  18 Oct 2020
                </time>
              </span>
            </div>
          </div>
        </div>
        <div
          class="MuiGrid-root MuiGrid-item MuiGrid-grid-xs-4"
        >
          <div>
            <span
              class="sc-bwzfXH eoWrid"
              color="textSecondary"
            >
              Sector
            </span>
            <div
              data-cy="label-Sector"
            >
              <span
                class="sc-htpNat gXZdAP"
                color="textSecondary"
              >
                Child Protection
              </span>
            </div>
          </div>
        </div>
        <div
          class="MuiGrid-root MuiGrid-item MuiGrid-grid-xs-4"
        >
          <div>
            <span
              class="sc-bwzfXH eoWrid"
              color="textSecondary"
            >
              Scope
            </span>
            <div
              data-cy="label-Scope"
            >
              <span
                class="sc-htpNat gXZdAP"
                color="textSecondary"
              >
                Unicef
              </span>
            </div>
          </div>
        </div>
        <div
          class="MuiGrid-root MuiGrid-item MuiGrid-grid-xs-4"
        >
          <div>
            <span
              class="sc-bwzfXH eoWrid"
              color="textSecondary"
            >
              Data Collecting Type
            </span>
            <div
              data-cy="label-Data Collecting Type"
            >
              -
            </div>
          </div>
        </div>
        <div
          class="MuiGrid-root MuiGrid-item MuiGrid-grid-xs-4"
        >
          <div>
            <span
              class="sc-bwzfXH eoWrid"
              color="textSecondary"
            >
              Frequency of Payment
            </span>
            <div
              data-cy="label-Frequency of Payment"
            >
              <span
                class="sc-htpNat gXZdAP"
                color="textSecondary"
              >
                Regular
              </span>
            </div>
          </div>
        </div>
        <div
          class="MuiGrid-root MuiGrid-item MuiGrid-grid-xs-4"
        >
          <div>
            <span
              class="sc-bwzfXH eoWrid"
              color="textSecondary"
            >
              Administrative Areas of implementation
            </span>
            <div
              data-cy="label-Administrative Areas of implementation"
            >
              <span
                class="sc-htpNat gXZdAP"
                color="textSecondary"
              >
                Crime book.
              </span>
            </div>
          </div>
        </div>
        <div
          class="MuiGrid-root MuiGrid-item MuiGrid-grid-xs-4"
        >
          <div>
            <span
              class="sc-bwzfXH eoWrid"
              color="textSecondary"
            >
              Description
            </span>
            <div
              data-cy="label-Description"
            >
              <span
                class="sc-htpNat gXZdAP"
                color="textSecondary"
              >
                Yeah worry might newspaper drive her many.
              </span>
            </div>
          </div>
        </div>
        <div
          class="MuiGrid-root MuiGrid-item MuiGrid-grid-xs-4"
        >
          <div>
            <span
              class="sc-bwzfXH eoWrid"
              color="textSecondary"
            >
              CASH+
            </span>
            <div
              data-cy="label-CASH+"
            >
              <span
                class="sc-htpNat gXZdAP"
                color="textSecondary"
              >
                No
              </span>
            </div>
          </div>
        </div>
        <div
          class="MuiGrid-root MuiGrid-item MuiGrid-grid-xs-4"
        >
          <div>
            <span
              class="sc-bwzfXH eoWrid"
              color="textSecondary"
            >
              Does this programme use individuals’ data for targeting or entitlement calculation?
            </span>
            <div
              data-cy="label-Does this programme use individuals’ data for targeting or entitlement calculation?"
            >
              <span
                class="sc-htpNat gXZdAP"
                color="textSecondary"
              >
                No
              </span>
            </div>
          </div>
        </div>
      </div>
      <div
        class="sc-iwsKbI fuRvUI"
      >
        <div>
          <span
            class="sc-bwzfXH eoWrid"
            color="textSecondary"
          >
            Total Number of Households
          </span>
          <div
            data-cy="label-Total Number of Households"
          >
            <div
              class="sc-gZMcBi dZLVAL"
            >
              2
            </div>
          </div>
        </div>
      </div>
    </div>
    <div
      class="MuiBox-root MuiBox-root-1 sc-dnqmqq cHcomy"
    >
      <div
        class="MuiBox-root MuiBox-root-2"
      >
        <div
          class="MuiBox-root MuiBox-root-3"
        >
          <h6
            class="MuiTypography-root MuiTypography-h6"
          >
            Programme Partners
          </h6>
        </div>
        <div
          class="MuiBox-root MuiBox-root-4"
        >
          <div
            class="MuiGrid-root MuiGrid-container MuiGrid-spacing-xs-6"
          >
            <div
              class="MuiGrid-root MuiGrid-item MuiGrid-grid-xs-3"
            >
              <div
                class="MuiBox-root MuiBox-root-5 sc-gqjmRU gbJXDl"
              >
                <h6
                  class="MuiTypography-root MuiTypography-h6"
                >
                  Partner ABC
                </h6>
                <div>
                  <span
                    class="sc-bwzfXH eoWrid"
                    color="textSecondary"
                  >
                    Area Access
                  </span>
                  <div
                    data-cy="label-Area Access"
                  >
                    <span
                      class="sc-htpNat gXZdAP"
                      color="textSecondary"
                    >
                      Admin Areas: 4
                    </span>
                  </div>
                </div>
              </div>
            </div>
            <div
              class="MuiGrid-root MuiGrid-item MuiGrid-grid-xs-3"
            >
              <div
                class="MuiBox-root MuiBox-root-6 sc-gqjmRU gbJXDl"
              >
                <h6
                  class="MuiTypography-root MuiTypography-h6"
                >
                  Partner XYZ
                </h6>
                <div>
                  <span
                    class="sc-bwzfXH eoWrid"
                    color="textSecondary"
                  >
                    Area Access
                  </span>
                  <div
                    data-cy="label-Area Access"
                  >
                    <span
                      class="sc-htpNat gXZdAP"
                      color="textSecondary"
                    >
                      Business Area
                    </span>
                  </div>
                </div>
              </div>
            </div>
            <div
              class="MuiGrid-root MuiGrid-item MuiGrid-grid-xs-3"
            >
              <div
                class="MuiBox-root MuiBox-root-7 sc-gqjmRU gbJXDl"
              >
                <h6
                  class="MuiTypography-root MuiTypography-h6"
                >
                  Partner 123
                </h6>
                <div>
                  <span
                    class="sc-bwzfXH eoWrid"
                    color="textSecondary"
                  >
                    Area Access
                  </span>
                  <div
                    data-cy="label-Area Access"
                  >
                    <span
                      class="sc-htpNat gXZdAP"
                      color="textSecondary"
                    >
                      Admin Areas: 2
                    </span>
                  </div>
                </div>
              </div>
            </div>
          </div>
        </div>
      </div>
    </div>
  </div>
</div>
`;
